[H





│ Stories                         ││ Second E2E Story                                              │

│ ○ US-001 First E2E Story        ││ ○ Pending  │  Priority: 2                                     │



│                                 ││ Another story.                                                │


│                                 ││ • Criteria 2                                                  │













[30;H[H





│ Stories                         ││ First E2E Story                                               │

│ ○ US-001 First E2E Story        ││ ○ Pending  │  Priority: 1                                     │



│                                 ││ As a user, I want the TUI to work.                            │


│                                 ││ • Criteria 1                                                  │













[30;H[H[K
[K
[K
[K
                   ╭────────────────────────────────────────────────────────────╮[K
                   │                                                            │[K
                   │   Select PRD                                               │[K
                   │  ────────────────────────────────────────────────────────  │[K
                   │  ● e2e-test     ░░░░░░░░ 0/2                               │[K
                   │                                                            │[K
                   │                                                            │[K
                   │                                                            │[K
                   │                                                            │[K
                   │                                                            │[K
                   │                                                            │[K
                   │                                                            │[K
                   │                                                            │[K
                   │                                                            │[K
                   │                                                            │[K
                   │                                                            │[K
                   │                                                            │[K
                   │  ────────────────────────────────────────────────────────  │[K
                   │   s: start  │  d: delete  │  Enter: select  │  n: new  │   │[K
                   │  e: edit  │  Esc/l: close                                  │[K
                   │                                                            │[K
                   ╰────────────────────────────────────────────────────────────╯[K
[K[J[27;H[H melliza   [Ready]                                                        Iteration: 0/1  Time: 0s  
╭──────────────────╮╭───────╮                                                                       
│ ◉ e2e-test [0/2] ││ + New │                                                                       
╰──────────────────╯╰───────╯                                                                       
────────────────────────────────────────────────────────────────────────────────────────────────────
╭─────────────────────────────────╮╭───────────────────────────────────────────────────────────────╮
│ Stories                         ││ First E2E Story                                               │
│ ─────────────────────────────── ││                                                               │
│ ○ US-001 First E2E Story        ││ ○ Pending  │  Priority: 1                                     │
│ ○ US-002 Second E2E Story       ││ ───────────────────────────────────────────────────────────   │
│                                 ││                                                               │
│                                 ││ Description                                                   │
│                                 ││ As a user, I want the TUI to work.                            │
│                                 ││                                                               │
│                                 ││ Acceptance Criteria                                           │
│                                 ││ • Criteria 1                                                  │
│                                 ││                                                               │
│                                 ││                                                               │
│                                 ││                                                               │
│                                 ││                                                               │
│                                 ││                                                               │
│                                 ││                                                               │
│                                 ││                                                               │
│ ─────────────────────────────── ││                                                               │
│ ░░░░░░░░░░░░░░   0% 0/2         ││                                                               │
│                                 ││                                                               │
╰─────────────────────────────────╯╰───────────────────────────────────────────────────────────────╯
────────────────────────────────────────────────────────────────────────────────────────────────────
 Ready to start                                                                                     
 s: start  │  d: diff  │  e: edit  │  t: log  │  n: new  │  l: list  │  1-9: switch  │  ?: help  │  [30;H[2K[?2004l[?25h[?1002l[?1003l[?1006l[?1049l[?25h