[H





[38;2;69;71;89m│[0m [1;38;2;0;215;255mStories[0m                         [38;2;69;71;89m││[0m [1;38;2;205;214;243mSecond E2E Story[0m                                              [38;2;69;71;89m│[0m

[38;2;69;71;89m│[0m [38;2;108;112;134m○[0m US-001 First E2E Story        [38;2;69;71;89m││[0m [38;2;108;112;134m○[0m [38;2;108;112;134mPending[0m  │  Priority: 2                                     [38;2;69;71;89m│[0m
[38;2;69;71;89m│[0m [38;2;205;214;243;48;2;48;50;68m[38;2;108;112;134m○[0m US-002 Second E2E Story      [0m [38;2;69;71;89m││[0m [38;2;69;71;89m───────────────────────────────────────────────────────────[0m   [38;2;69;71;89m│[0m


[38;2;69;71;89m│[0m                                 [38;2;69;71;89m││[0m Another story.                                                [38;2;69;71;89m│[0m


[38;2;69;71;89m│[0m                                 [38;2;69;71;89m││[0m • Criteria 2                                                  [38;2;69;71;89m│[0m













[30;H[H





[38;2;69;71;89m│[0m [1;38;2;0;215;255mStories[0m                         [38;2;69;71;89m││[0m [1;38;2;205;214;243mFirst E2E Story[0m                                               [38;2;69;71;89m│[0m

[38;2;69;71;89m│[0m [38;2;205;214;243;48;2;48;50;68m[38;2;108;112;134m○[0m US-001 First E2E Story       [0m [38;2;69;71;89m││[0m [38;2;108;112;134m○[0m [38;2;108;112;134mPending[0m  │  Priority: 1                                     [38;2;69;71;89m│[0m
[38;2;69;71;89m│[0m [38;2;108;112;134m○[0m US-002 Second E2E Story       [38;2;69;71;89m││[0m [38;2;69;71;89m───────────────────────────────────────────────────────────[0m   [38;2;69;71;89m│[0m


[38;2;69;71;89m│[0m                                 [38;2;69;71;89m││[0m As a user, I want the TUI to work.                            [38;2;69;71;89m│[0m


[38;2;69;71;89m│[0m                                 [38;2;69;71;89m││[0m • Criteria 1                                                  [38;2;69;71;89m│[0m













[30;H[H[K
[K
[K
[K
                   [38;2;0;215;255m╭────────────────────────────────────────────────────────────╮[0m[K
                   [38;2;0;215;255m│[0m                                                            [38;2;0;215;255m│[0m[K
                   [38;2;0;215;255m│[0m   [1;38;2;0;215;255mSelect PRD[0m                                               [38;2;0;215;255m│[0m[K
                   [38;2;0;215;255m│[0m  [38;2;69;71;89m────────────────────────────────────────────────────────[0m  [38;2;0;215;255m│[0m[K
                   [38;2;0;215;255m│[0m  [38;2;205;214;243;48;2;48;50;68m[38;2;89;247;142m● [0m[1;38;2;255;255;255me2e-test    [0m [38;2;89;247;142m[0m[38;2;108;112;134m░░░░░░░░[0m [38;2;108;112;134m0/2[0m [0m[48;2;48;50;68m                          [0m    [38;2;0;215;255m│[0m[K
                   [38;2;0;215;255m│[0m                                                            [38;2;0;215;255m│[0m[K
                   [38;2;0;215;255m│[0m                                                            [38;2;0;215;255m│[0m[K
                   [38;2;0;215;255m│[0m                                                            [38;2;0;215;255m│[0m[K
                   [38;2;0;215;255m│[0m                                                            [38;2;0;215;255m│[0m[K
                   [38;2;0;215;255m│[0m                                                            [38;2;0;215;255m│[0m[K
                   [38;2;0;215;255m│[0m                                                            [38;2;0;215;255m│[0m[K
                   [38;2;0;215;255m│[0m                                                            [38;2;0;215;255m│[0m[K
                   [38;2;0;215;255m│[0m                                                            [38;2;0;215;255m│[0m[K
                   [38;2;0;215;255m│[0m                                                            [38;2;0;215;255m│[0m[K
                   [38;2;0;215;255m│[0m                                                            [38;2;0;215;255m│[0m[K
                   [38;2;0;215;255m│[0m                                                            [38;2;0;215;255m│[0m[K
                   [38;2;0;215;255m│[0m                                                            [38;2;0;215;255m│[0m[K
                   [38;2;0;215;255m│[0m  [38;2;69;71;89m────────────────────────────────────────────────────────[0m  [38;2;0;215;255m│[0m[K
                   [38;2;0;215;255m│[0m   [38;2;108;112;134ms: start  │  Enter: select  │  n: new  │  e: edit  │[m     [38;2;0;215;255m│[0m[K
                   [38;2;0;215;255m│[0m  [38;2;108;112;134mEsc/l: close[0m                                              [38;2;0;215;255m│[0m[K
                   [38;2;0;215;255m│[0m                                                            [38;2;0;215;255m│[0m[K
                   [38;2;0;215;255m╰────────────────────────────────────────────────────────────╯[0m[K
[K[J[27;H[H [1;38;2;0;215;255mmelliza[0m   [1;38;2;108;112;134m[Ready][0m                                                        [38;2;108;112;134mIteration: 0/1[0m  [38;2;108;112;134mTime: 0s[0m  
[38;2;0;215;255m╭──────────────────╮[0m[38;2;108;112;134m╭───────╮[0m                                                                       
[38;2;0;215;255m│[0m[48;2;48;50;68m [0m[1;48;2;48;50;68m[38;2;255;255;255m◉ e2e-test [0/2][0m[48;2;48;50;68m [0m[38;2;0;215;255m│[0m[38;2;108;112;134m│[0m [38;2;108;112;134m+ New[0m [38;2;108;112;134m│[0m                                                                       
[38;2;0;215;255m╰──────────────────╯[0m[38;2;108;112;134m╰───────╯[0m                                                                       
[38;2;69;71;89m────────────────────────────────────────────────────────────────────────────────────────────────────[0m
[38;2;69;71;89m╭─────────────────────────────────╮╭───────────────────────────────────────────────────────────────╮[0m
[38;2;69;71;89m│[0m [1;38;2;0;215;255mStories[0m                         [38;2;69;71;89m││[0m [1;38;2;205;214;243mFirst E2E Story[0m                                               [38;2;69;71;89m│[0m
[38;2;69;71;89m│[0m [38;2;69;71;89m───────────────────────────────[0m [38;2;69;71;89m││[0m                                                               [38;2;69;71;89m│[0m
[38;2;69;71;89m│[0m [38;2;205;214;243;48;2;48;50;68m[38;2;108;112;134m○[0m US-001 First E2E Story       [0m [38;2;69;71;89m││[0m [38;2;108;112;134m○[0m [38;2;108;112;134mPending[0m  │  Priority: 1                                     [38;2;69;71;89m│[0m
[38;2;69;71;89m│[0m [38;2;108;112;134m○[0m US-002 Second E2E Story       [38;2;69;71;89m││[0m [38;2;69;71;89m───────────────────────────────────────────────────────────[0m   [38;2;69;71;89m│[0m
[38;2;69;71;89m│[0m                                 [38;2;69;71;89m││[0m                                                               [38;2;69;71;89m│[0m
[38;2;69;71;89m│[0m                                 [38;2;69;71;89m││[0m [1;38;2;0;215;255mDescription[0m                                                   [38;2;69;71;89m│[0m
[38;2;69;71;89m│[0m                                 [38;2;69;71;89m││[0m As a user, I want the TUI to work.                            [38;2;69;71;89m│[0m
[38;2;69;71;89m│[0m                                 [38;2;69;71;89m││[0m                                                               [38;2;69;71;89m│[0m
[38;2;69;71;89m│[0m                                 [38;2;69;71;89m││[0m [1;38;2;0;215;255mAcceptance Criteria[0m                                           [38;2;69;71;89m│[0m
[38;2;69;71;89m│[0m                                 [38;2;69;71;89m││[0m • Criteria 1                                                  [38;2;69;71;89m│[0m
[38;2;69;71;89m│[0m                                 [38;2;69;71;89m││[0m                                                               [38;2;69;71;89m│[0m
[38;2;69;71;89m│[0m                                 [38;2;69;71;89m││[0m                                                               [38;2;69;71;89m│[0m
[38;2;69;71;89m│[0m                                 [38;2;69;71;89m││[0m                                                               [38;2;69;71;89m│[0m
[38;2;69;71;89m│[0m                                 [38;2;69;71;89m││[0m                                                               [38;2;69;71;89m│[0m
[38;2;69;71;89m│[0m                                 [38;2;69;71;89m││[0m                                                               [38;2;69;71;89m│[0m
[38;2;69;71;89m│[0m                                 [38;2;69;71;89m││[0m                                                               [38;2;69;71;89m│[0m
[38;2;69;71;89m│[0m                                 [38;2;69;71;89m││[0m                                                               [38;2;69;71;89m│[0m
[38;2;69;71;89m│[0m [38;2;69;71;89m───────────────────────────────[0m [38;2;69;71;89m││[0m                                                               [38;2;69;71;89m│[0m
[38;2;69;71;89m│[0m [38;2;89;247;142m[0m[38;2;108;112;134m░░░░░░░░░░░░░░[0m   0% 0/2         [38;2;69;71;89m││[0m                                                               [38;2;69;71;89m│[0m
[38;2;69;71;89m│[0m                                 [38;2;69;71;89m││[0m                                                               [38;2;69;71;89m│[0m
[38;2;69;71;89m╰─────────────────────────────────╯╰───────────────────────────────────────────────────────────────╯[0m
[38;2;69;71;89m────────────────────────────────────────────────────────────────────────────────────────────────────[0m
 [38;2;108;112;134mReady to start[0m                                                                                     
 [38;2;108;112;134ms: start  │  d: diff  │  e: edit  │  t: log  │  n: new  │  l: list  │  1-9: switch  │  ?: help  │  [0m[30;H[2K[?2004l[?25h[?1002l[?1003l[?1006l[?1049l[?25h