[?25l[?2004h[?1049h[2J[H[?25l[H melliza   [Ready]                                                        Iteration: 0/5  Time: 0s  
╭──────────────────╮╭───────╮                                                                       
│ ◉ e2e-com. [0/1] ││ + New │                                                                       
╰──────────────────╯╰───────╯                                                                       
────────────────────────────────────────────────────────────────────────────────────────────────────
╭─────────────────────────────────╮╭───────────────────────────────────────────────────────────────╮
│ Stories                         ││ A completed story                                             │
│ ─────────────────────────────── ││                                                               │
│ ○ US-001 A completed story      ││ ○ Pending  │  Priority: 0                                     │
│                                 ││ ───────────────────────────────────────────────────────────   │
│                                 ││                                                               │
│                                 ││ Description                                                   │
│                                 ││                                                               │
│                                 ││                                                               │
│                                 ││ Acceptance Criteria                                           │
│                                 ││                                                               │
│                                 ││                                                               │
│                                 ││                                                               │
│                                 ││                                                               │
│                                 ││                                                               │
│                                 ││                                                               │
│                                 ││                                                               │
│                                 ││                                                               │
│ ─────────────────────────────── ││                                                               │
│ ░░░░░░░░░░░░░░   0% 0/1         ││                                                               │
│                                 ││                                                               │
╰─────────────────────────────────╯╰───────────────────────────────────────────────────────────────╯
────────────────────────────────────────────────────────────────────────────────────────────────────
 Ready to start                                                                                     
 s: start  │  d: diff  │  e: edit  │  t: log  │  n: new  │  l: list  │  1-9: switch  │  ?: help  │  [30;H[H melliza   [Running]                                                      Iteration: 1/5  Time: 0s  
╭────────────────╮╭───────╮                                                                         
│ ◉ e2e-com. ▶ 1 ││ + New │                                                                         
╰────────────────╯╰───────╯                                                                         
























 Gemini crashed, retrying (2/3)...                                                                  
 p: pause  │  x: stop  │  d: diff  │  t: log  │  n: new  │  l: list  │  1-9: switch  │  ?: help  │  [30;H[H melliza   [Running]                                                      Iteration: 1/5  Time: 1s  




























[30;H[H[K
[K
[K
[K
[K
[K
[K
                     ╭───────────────────────────────────────────────────────╮[K
                     │                                                       │[K
                     │  Quit Melliza?                                        │[K
                     │  ───────────────────────────────────────────────────  │[K
                     │                                                       │[K
                     │  A Ralph loop is currently running.                   │[K
                     │  Exiting will stop the loop.                          │[K
                     │                                                       │[K
                     │    Quit and stop loop                                 │[K
                     │  ▶ Cancel                                             │[K
                     │                                                       │[K
                     │  ───────────────────────────────────────────────────  │[K
                     │  ↑/↓: Navigate  Enter: Select  Esc: Cancel            │[K
                     │                                                       │[K
                     ╰───────────────────────────────────────────────────────╯[K
[K[J[23;H[H














                     │  ▶ Quit and stop loop                                 │[K
                     │    Cancel                                             │[K





[23;H[2K[?2004l[?25h[?1002l[?1003l[?1006l[?1049l[?25h