[?25l[?2004h[?1049h[2J[H[?25l[H [1;38;2;0;215;255mmelliza[0m   [1;38;2;108;112;134m[Ready][0m                                                        [38;2;108;112;134mIteration: 0/5[0m  [38;2;108;112;134mTime: 0s[0m  
[38;2;0;215;255m╭──────────────────╮[0m[38;2;108;112;134m╭───────╮[0m                                                                       
[38;2;0;215;255m│[0m[48;2;48;50;68m [0m[1;48;2;48;50;68m[38;2;255;255;255m◉ e2e-com. [0/1][0m[48;2;48;50;68m [0m[38;2;0;215;255m│[0m[38;2;108;112;134m│[0m [38;2;108;112;134m+ New[0m [38;2;108;112;134m│[0m                                                                       
[38;2;0;215;255m╰──────────────────╯[0m[38;2;108;112;134m╰───────╯[0m                                                                       
[38;2;69;71;89m────────────────────────────────────────────────────────────────────────────────────────────────────[0m
[38;2;69;71;89m╭─────────────────────────────────╮╭───────────────────────────────────────────────────────────────╮[0m
[38;2;69;71;89m│[0m [1;38;2;0;215;255mStories[0m                         [38;2;69;71;89m││[0m [1;38;2;205;214;243mA completed story[0m                                             [38;2;69;71;89m│[0m
[38;2;69;71;89m│[0m [38;2;69;71;89m───────────────────────────────[0m [38;2;69;71;89m││[0m                                                               [38;2;69;71;89m│[0m
[38;2;69;71;89m│[0m [38;2;205;214;243;48;2;48;50;68m[38;2;108;112;134m○[0m US-001 A completed story     [0m [38;2;69;71;89m││[0m [38;2;108;112;134m○[0m [38;2;108;112;134mPending[0m  │  Priority: 0                                     [38;2;69;71;89m│[0m
[38;2;69;71;89m│[0m                                 [38;2;69;71;89m││[0m [38;2;69;71;89m───────────────────────────────────────────────────────────[0m   [38;2;69;71;89m│[0m
[38;2;69;71;89m│[0m                                 [38;2;69;71;89m││[0m                                                               [38;2;69;71;89m│[0m
[38;2;69;71;89m│[0m                                 [38;2;69;71;89m││[0m [1;38;2;0;215;255mDescription[0m                                                   [38;2;69;71;89m│[0m
[38;2;69;71;89m│[0m                                 [38;2;69;71;89m││[0m                                                               [38;2;69;71;89m│[0m
[38;2;69;71;89m│[0m                                 [38;2;69;71;89m││[0m                                                               [38;2;69;71;89m│[0m
[38;2;69;71;89m│[0m                                 [38;2;69;71;89m││[0m [1;38;2;0;215;255mAcceptance Criteria[0m                                           [38;2;69;71;89m│[0m
[38;2;69;71;89m│[0m                                 [38;2;69;71;89m││[0m                                                               [38;2;69;71;89m│[0m
[38;2;69;71;89m│[0m                                 [38;2;69;71;89m││[0m                                                               [38;2;69;71;89m│[0m
[38;2;69;71;89m│[0m                                 [38;2;69;71;89m││[0m                                                               [38;2;69;71;89m│[0m
[38;2;69;71;89m│[0m                                 [38;2;69;71;89m││[0m                                                               [38;2;69;71;89m│[0m
[38;2;69;71;89m│[0m                                 [38;2;69;71;89m││[0m                                                               [38;2;69;71;89m│[0m
[38;2;69;71;89m│[0m                                 [38;2;69;71;89m││[0m                                                               [38;2;69;71;89m│[0m
[38;2;69;71;89m│[0m                                 [38;2;69;71;89m││[0m                                                               [38;2;69;71;89m│[0m
[38;2;69;71;89m│[0m                                 [38;2;69;71;89m││[0m                                                               [38;2;69;71;89m│[0m
[38;2;69;71;89m│[0m [38;2;69;71;89m───────────────────────────────[0m [38;2;69;71;89m││[0m                                                               [38;2;69;71;89m│[0m
[38;2;69;71;89m│[0m [38;2;89;247;142m[0m[38;2;108;112;134m░░░░░░░░░░░░░░[0m   0% 0/1         [38;2;69;71;89m││[0m                                                               [38;2;69;71;89m│[0m
[38;2;69;71;89m│[0m                                 [38;2;69;71;89m││[0m                                                               [38;2;69;71;89m│[0m
[38;2;69;71;89m╰─────────────────────────────────╯╰───────────────────────────────────────────────────────────────╯[0m
[38;2;69;71;89m────────────────────────────────────────────────────────────────────────────────────────────────────[0m
 [38;2;108;112;134mReady to start[0m                                                                                     
 [38;2;108;112;134ms: start  │  d: diff  │  e: edit  │  t: log  │  n: new  │  l: list  │  1-9: switch  │  ?: help  │  [0m[30;H[H [1;38;2;0;215;255mmelliza[0m   [1;38;2;0;215;255m[Running][0m                                                      [38;2;108;112;134mIteration: 1/5[0m  [38;2;108;112;134mTime: 0s[0m  
[38;2;0;215;255m╭────────────────╮[0m[38;2;108;112;134m╭───────╮[0m                                                                         
[38;2;0;215;255m│[0m[48;2;48;50;68m [0m[1;48;2;48;50;68m[38;2;0;215;255m◉ e2e-com. ▶ 1[0m[48;2;48;50;68m [0m[38;2;0;215;255m│[0m[38;2;108;112;134m│[0m [38;2;108;112;134m+ New[0m [38;2;108;112;134m│[0m                                                                         
[38;2;0;215;255m╰────────────────╯[0m[38;2;108;112;134m╰───────╯[0m                                                                         
























 [38;2;0;215;255mStarting iteration...[0m                                                                              
 [38;2;108;112;134mp: pause  │  x: stop  │  d: diff  │  t: log  │  n: new  │  l: list  │  1-9: switch  │  ?: help  │  [0m[30;H[H [1;38;2;0;215;255mmelliza[0m   [1;38;2;0;215;255m[Running][0m                                                      [38;2;108;112;134mIteration: 1/5[0m  [38;2;108;112;134mTime: 1s[0m  




























[30;H[H[K
[K
[K
[K
[K
[K
[K
                     [38;2;243;249;157m╭───────────────────────────────────────────────────────╮[0m[K
                     [38;2;243;249;157m│[0m                                                       [38;2;243;249;157m│[0m[K
                     [38;2;243;249;157m│[0m  [1;38;2;243;249;157mQuit Melliza?[0m                                        [38;2;243;249;157m│[0m[K
                     [38;2;243;249;157m│[0m  [38;2;69;71;89m───────────────────────────────────────────────────[0m  [38;2;243;249;157m│[0m[K
                     [38;2;243;249;157m│[0m                                                       [38;2;243;249;157m│[0m[K
                     [38;2;243;249;157m│[0m  [38;2;205;214;243mA Ralph loop is currently running.[0m                   [38;2;243;249;157m│[0m[K
                     [38;2;243;249;157m│[0m  [38;2;205;214;243mExiting will stop the loop.[0m                          [38;2;243;249;157m│[0m[K
                     [38;2;243;249;157m│[0m                                                       [38;2;243;249;157m│[0m[K
                     [38;2;243;249;157m│[0m  [38;2;205;214;243m  Quit and stop loop[0m                                 [38;2;243;249;157m│[0m[K
                     [38;2;243;249;157m│[0m  [1;38;2;0;215;255m▶ Cancel[0m                                             [38;2;243;249;157m│[0m[K
                     [38;2;243;249;157m│[0m                                                       [38;2;243;249;157m│[0m[K
                     [38;2;243;249;157m│[0m  [38;2;69;71;89m───────────────────────────────────────────────────[0m  [38;2;243;249;157m│[0m[K
                     [38;2;243;249;157m│[0m  [38;2;108;112;134m↑/↓: Navigate  Enter: Select  Esc: Cancel[0m            [38;2;243;249;157m│[0m[K
                     [38;2;243;249;157m│[0m                                                       [38;2;243;249;157m│[0m[K
                     [38;2;243;249;157m╰───────────────────────────────────────────────────────╯[0m[K
[K[J[23;H[H














                     [38;2;243;249;157m│[0m  [1;38;2;0;215;255m▶ Quit and stop loop[0m                                 [38;2;243;249;157m│[0m[K
                     [38;2;243;249;157m│[0m  [38;2;205;214;243m  Cancel[0m                                             [38;2;243;249;157m│[0m[K





[23;H[2K[?2004l[?25h[?1002l[?1003l[?1006l[?1049l[?25h